// Jest Snapshot v1, https://goo.gl/fbAQLP

exports[`picking prisma actions should expose in GraphQL schema only actions chosen by single resolvers: graphQLSchemaSDL 1`] = `
"type User {
  intIdField: Int!
  uniqueStringField: String!
  optionalStringField: String
  dateField: DateTime!
}

\\"\\"\\"
A date-time string at UTC, such as 2019-12-03T09:54:33Z, compliant with the date-time format.
\\"\\"\\"
scalar DateTime

type UserAvgAggregate {
  intIdField: Float
}

type UserCountAggregate {
  intIdField: Int!
  uniqueStringField: Int!
  optionalStringField: Int!
  dateField: Int!
  _all: Int!
}

type UserMaxAggregate {
  intIdField: Int
  uniqueStringField: String
  optionalStringField: String
  dateField: DateTime
}

type UserMinAggregate {
  intIdField: Int
  uniqueStringField: String
  optionalStringField: String
  dateField: DateTime
}

type UserSumAggregate {
  intIdField: Int
}

type Query {
  users(where: UserWhereInput, orderBy: [UserOrderByWithRelationInput!], cursor: UserWhereUniqueInput, take: Int, skip: Int, distinct: [UserScalarFieldEnum!]): [User!]!
}

input UserWhereInput {
  AND: [UserWhereInput!]
  OR: [UserWhereInput!]
  NOT: [UserWhereInput!]
  intIdField: IntFilter
  uniqueStringField: StringFilter
  optionalStringField: StringNullableFilter
  dateField: DateTimeFilter
}

input IntFilter {
  equals: Int
  in: [Int!]
  notIn: [Int!]
  lt: Int
  lte: Int
  gt: Int
  gte: Int
  not: NestedIntFilter
}

input NestedIntFilter {
  equals: Int
  in: [Int!]
  notIn: [Int!]
  lt: Int
  lte: Int
  gt: Int
  gte: Int
  not: NestedIntFilter
}

input StringFilter {
  equals: String
  in: [String!]
  notIn: [String!]
  lt: String
  lte: String
  gt: String
  gte: String
  contains: String
  startsWith: String
  endsWith: String
  mode: QueryMode
  not: NestedStringFilter
}

enum QueryMode {
  default
  insensitive
}

input NestedStringFilter {
  equals: String
  in: [String!]
  notIn: [String!]
  lt: String
  lte: String
  gt: String
  gte: String
  contains: String
  startsWith: String
  endsWith: String
  not: NestedStringFilter
}

input StringNullableFilter {
  equals: String
  in: [String!]
  notIn: [String!]
  lt: String
  lte: String
  gt: String
  gte: String
  contains: String
  startsWith: String
  endsWith: String
  mode: QueryMode
  not: NestedStringNullableFilter
}

input NestedStringNullableFilter {
  equals: String
  in: [String!]
  notIn: [String!]
  lt: String
  lte: String
  gt: String
  gte: String
  contains: String
  startsWith: String
  endsWith: String
  not: NestedStringNullableFilter
}

input DateTimeFilter {
  equals: DateTime
  in: [DateTime!]
  notIn: [DateTime!]
  lt: DateTime
  lte: DateTime
  gt: DateTime
  gte: DateTime
  not: NestedDateTimeFilter
}

input NestedDateTimeFilter {
  equals: DateTime
  in: [DateTime!]
  notIn: [DateTime!]
  lt: DateTime
  lte: DateTime
  gt: DateTime
  gte: DateTime
  not: NestedDateTimeFilter
}

input UserOrderByWithRelationInput {
  intIdField: SortOrder
  uniqueStringField: SortOrder
  optionalStringField: SortOrderInput
  dateField: SortOrder
}

enum SortOrder {
  asc
  desc
}

input SortOrderInput {
  sort: SortOrder!
  nulls: NullsOrder
}

enum NullsOrder {
  first
  last
}

input UserWhereUniqueInput {
  intIdField: Int
  uniqueStringField: String
  AND: [UserWhereInput!]
  OR: [UserWhereInput!]
  NOT: [UserWhereInput!]
  optionalStringField: StringNullableFilter
  dateField: DateTimeFilter
}

enum UserScalarFieldEnum {
  intIdField
  uniqueStringField
  optionalStringField
  dateField
}

type Mutation {
  createOneUser(data: UserCreateInput!): User!
}

input UserCreateInput {
  uniqueStringField: String!
  optionalStringField: String
  dateField: DateTime!
}"
`;
